Left T8482.dir: renameFile: inappropriate type (is a directory)
Left T8482.dir: renameFile: inappropriate type (is a directory)
Left .: renameFile: inappropriate type (is a directory)
